exports[`GetPlatform 1`] = `"{\"opent2t\":{\"schema\":\"org.opent2t.sample.binaryswitch.superpopular\",\"translator\":\"opent2t-translator-com-wink-binaryswitch\",\"controlId\":\"F85B0738-6EC0-4A8B-A95A-503B6F2CA0D8\",\"uuid\":\"F85B0738-6EC0-4A8B-A95A-503B6F2CA0D8\"},\"availability\":\"online\",\"pi\":\"F85B0738-6EC0-4A8B-A95A-503B6F2CA0D8\",\"mnmn\":\"Wink\",\"mnmo\":\"Binary Switch (Generic)\",\"n\":\"Mock Name\",\"rt\":[\"org.opent2t.sample.binaryswitch.superpopular\"],\"entities\":[{\"n\":\"Mock Name\",\"icv\":\"core.1.1.0\",\"dmv\":\"res.1.1.0\",\"rt\":[\"oic.d.smartplug\"],\"di\":\"dd6d61bb-5b0b-090b-86ce-c4de9fe59d11\",\"resources\":[{\"href\":\"/power\",\"rt\":[\"oic.r.switch.binary\"],\"if\":[\"oic.if.a\",\"oic.if.baseline\"]}]}]}"`;

exports[`GetPlatformExpanded 1`] = `"{"opent2t":{"schema":"org.opent2t.sample.binaryswitch.superpopular","translator":"opent2t-translator-com-wink-binaryswitch","controlId":"F85B0738-6EC0-4A8B-A95A-503B6F2CA0D8","uuid":"F85B0738-6EC0-4A8B-A95A-503B6F2CA0D8"},"availability":"online","pi":"F85B0738-6EC0-4A8B-A95A-503B6F2CA0D8","mnmn":"Wink","mnmo":"Binary Switch (Generic)","n":"Mock Name","rt":["org.opent2t.sample.binaryswitch.superpopular"],"entities":[{"n":"Mock Name","icv":"core.1.1.0","dmv":"res.1.1.0","rt":["oic.d.smartplug"],"di":"dd6d61bb-5b0b-090b-86ce-c4de9fe59d11","resources":[{"href":"/power","rt":["oic.r.switch.binary"],"if":["oic.if.a","oic.if.baseline"],"id":"power","value":false}]}]}"`;
