exports[`GetPlatform 1`] = `"{\"opent2t\":{\"schema\":\"org.opent2t.sample.thermostat.superpopular\",\"translator\":\"opent2t-translator-com-smartthings-thermostat\",\"controlId\":\"9a2aeba7-f848-4d80-9fd9-91b9f1b52451\",\"endpointUri\":\"https://sample.endpoint.com/123\"},\"availability\":\"online\",\"pi\":\"9a2aeba7-f848-4d80-9fd9-91b9f1b52451\",\"mnmn\":\"Mock Manufacturer\",\"mnmo\":\"Mock Model\",\"n\":\"Mock Name\",\"rt\":[\"org.opent2t.sample.thermostat.superpopular\"],\"entities\":[{\"n\":\"Mock Name\",\"icv\":\"core.1.1.0\",\"dmv\":\"res.1.1.0\",\"rt\":[\"opent2t.d.thermostat\"],\"di\":\"eea0dfb2-76a7-45d8-b1ad-b9524985e3ea\",\"resources\":[{\"href\":\"/ambientTemperature\",\"rt\":[\"oic.r.temperature\"],\"if\":[\"oic.if.s\",\"oic.if.baseline\"]},{\"href\":\"/adjustTemperature\",\"rt\":[\"oic.r.temperature\"],\"if\":[\"oic.if.a\",\"oic.if.baseline\"]},{\"href\":\"/targetTemperature\",\"rt\":[\"oic.r.temperature\"],\"if\":[\"oic.if.a\",\"oic.if.baseline\"]},{\"href\":\"/targetTemperatureHigh\",\"rt\":[\"oic.r.temperature\"],\"if\":[\"oic.if.a\",\"oic.if.baseline\"]},{\"href\":\"/targetTemperatureLow\",\"rt\":[\"oic.r.temperature\"],\"if\":[\"oic.if.a\",\"oic.if.baseline\"]},{\"href\":\"/awayMode\",\"rt\":[\"oic.r.mode\"],\"if\":[\"oic.if.a\",\"oic.if.baseline\"]},{\"href\":\"/hvacMode\",\"rt\":[\"oic.r.mode\"],\"if\":[\"oic.if.a\",\"oic.if.baseline\"]},{\"href\":\"/hasFan\",\"rt\":[\"oic.r.sensor\"],\"if\":[\"oic.if.s\",\"oic.if.baseline\"]},{\"href\":\"/fanMode\",\"rt\":[\"oic.r.mode\"],\"if\":[\"oic.if.s\",\"oic.if.baseline\"]},{\"href\":\"/humidity\",\"rt\":[\"oic.r.humidity\"],\"if\":[\"oic.if.s\",\"oic.if.baseline\"]}]}]}"`;

exports[`GetPlatformExpanded 1`] = `"{"opent2t":{"schema":"org.opent2t.sample.thermostat.superpopular","translator":"opent2t-translator-com-smartthings-thermostat","controlId":"9a2aeba7-f848-4d80-9fd9-91b9f1b52451","endpointUri":"https://sample.endpoint.com/123"},"availability":"online","pi":"9a2aeba7-f848-4d80-9fd9-91b9f1b52451","mnmn":"Mock Manufacturer","mnmo":"Mock Model","n":"Mock Name","rt":["org.opent2t.sample.thermostat.superpopular"],"entities":[{"n":"Mock Name","icv":"core.1.1.0","dmv":"res.1.1.0","rt":["opent2t.d.thermostat"],"di":"eea0dfb2-76a7-45d8-b1ad-b9524985e3ea","resources":[{"href":"/ambientTemperature","rt":["oic.r.temperature"],"if":["oic.if.s","oic.if.baseline"],"id":"ambientTemperature","temperature":50,"units":"c"},{"href":"/adjustTemperature","rt":["oic.r.temperature"],"if":["oic.if.a","oic.if.baseline"],"id":"adjustTemperature","temperature":0,"units":"f"},{"href":"/targetTemperature","rt":["oic.r.temperature"],"if":["oic.if.a","oic.if.baseline"],"id":"targetTemperature","temperature":50,"units":"c"},{"href":"/targetTemperatureHigh","rt":["oic.r.temperature"],"if":["oic.if.a","oic.if.baseline"],"id":"targetTemperatureHigh","temperature":20,"units":"c"},{"href":"/targetTemperatureLow","rt":["oic.r.temperature"],"if":["oic.if.a","oic.if.baseline"],"id":"targetTemperatureLow","temperature":15,"units":"c"},{"href":"/awayMode","rt":["oic.r.mode"],"if":["oic.if.a","oic.if.baseline"],"id":"awayMode","modes":["away"],"supportedModes":["home","away"]},{"href":"/hvacMode","rt":["oic.r.mode"],"if":["oic.if.a","oic.if.baseline"],"id":"hvacMode","supportedModes":["coolOnly","heatOnly","auto","off"],"modes":["heatOnly"]},{"href":"/hasFan","rt":["oic.r.sensor"],"if":["oic.if.s","oic.if.baseline"],"id":"hasFan","value":true},{"href":"/fanMode","rt":["oic.r.mode"],"if":["oic.if.s","oic.if.baseline"],"id":"fanMode","supportedModes":["auto","on"],"modes":["auto"]},{"href":"/humidity","rt":["oic.r.humidity"],"if":["oic.if.s","oic.if.baseline"],"id":"humidity","humidity":25}]}]}"`;
