exports[`GetPlatform 1`] = `"{\"opent2t\":{\"schema\":\"org.opent2t.sample.thermostat.superpopular\",\"translator\":\"opent2t-translator-com-nest-thermostat\",\"controlId\":\"Mock Id\",\"structureId\":\"Mock Structure Id\"},\"availability\":\"online\",\"pi\":\"68d71052-5346-ee46-5ec9-44ed02fc4ad0\",\"mnmn\":\"Nest\",\"mnmo\":\"Thermostat\",\"n\":\"Mock Name\",\"rt\":[\"org.opent2t.sample.thermostat.superpopular\"],\"entities\":[{\"n\":\"Mock Name\",\"icv\":\"core.1.1.0\",\"dmv\":\"res.1.1.0\",\"rt\":[\"opent2t.d.thermostat\"],\"di\":\"6e2ad70f-1093-8a2e-90a3-a7681c5ae4c7\",\"resources\":[{\"href\":\"/ambientTemperature\",\"rt\":[\"oic.r.temperature\"],\"if\":[\"oic.if.s\",\"oic.if.baseline\"]},{\"href\":\"/adjustTemperature\",\"rt\":[\"oic.r.temperature\"],\"if\":[\"oic.if.a\",\"oic.if.baseline\"]},{\"href\":\"/targetTemperature\",\"rt\":[\"oic.r.temperature\"],\"if\":[\"oic.if.a\",\"oic.if.baseline\"]},{\"href\":\"/targetTemperatureHigh\",\"rt\":[\"oic.r.temperature\"],\"if\":[\"oic.if.a\",\"oic.if.baseline\"]},{\"href\":\"/targetTemperatureLow\",\"rt\":[\"oic.r.temperature\"],\"if\":[\"oic.if.a\",\"oic.if.baseline\"]},{\"href\":\"/awayTemperatureHigh\",\"rt\":[\"oic.r.temperature\"],\"if\":[\"oic.if.s\",\"oic.if.baseline\"]},{\"href\":\"/awayTemperatureLow\",\"rt\":[\"oic.r.temperature\"],\"if\":[\"oic.if.s\",\"oic.if.baseline\"]},{\"href\":\"/humidity\",\"rt\":[\"oic.r.humidity\"],\"if\":[\"oic.if.s\",\"oic.if.baseline\"]},{\"href\":\"/awayMode\",\"rt\":[\"oic.r.mode\"],\"if\":[\"oic.if.a\",\"oic.if.baseline\"]},{\"href\":\"/ecoMode\",\"rt\":[\"oic.r.sensor\"],\"if\":[\"oic.if.s\",\"oic.if.baseline\"]},{\"href\":\"/hvacMode\",\"rt\":[\"oic.r.mode\"],\"if\":[\"oic.if.a\",\"oic.if.baseline\"]},{\"href\":\"/hasFan\",\"rt\":[\"oic.r.sensor\"],\"if\":[\"oic.if.s\",\"oic.if.baseline\"]},{\"href\":\"/fanActive\",\"rt\":[\"oic.r.sensor\"],\"if\":[\"oic.if.a\",\"oic.if.baseline\"]},{\"href\":\"/fanTimerActive\",\"rt\":[\"oic.r.sensor\"],\"if\":[\"oic.if.a\",\"oic.if.baseline\"]}]}]}"`;

exports[`GetPlatformExpanded 1`] = `"{"opent2t":{"schema":"org.opent2t.sample.thermostat.superpopular","translator":"opent2t-translator-com-nest-thermostat","controlId":"Mock Id","structureId":"Mock Structure Id"},"availability":"online","pi":"68d71052-5346-ee46-5ec9-44ed02fc4ad0","mnmn":"Nest","mnmo":"Thermostat","n":"Mock Name","rt":["org.opent2t.sample.thermostat.superpopular"],"entities":[{"n":"Mock Name","icv":"core.1.1.0","dmv":"res.1.1.0","rt":["opent2t.d.thermostat"],"di":"6e2ad70f-1093-8a2e-90a3-a7681c5ae4c7","resources":[{"href":"/ambientTemperature","rt":["oic.r.temperature"],"if":["oic.if.s","oic.if.baseline"],"id":"ambientTemperature","temperature":25,"units":"c"},{"href":"/adjustTemperature","rt":["oic.r.temperature"],"if":["oic.if.a","oic.if.baseline"],"id":"adjustTemperature","temperature":0,"units":"c"},{"href":"/targetTemperature","rt":["oic.r.temperature"],"if":["oic.if.a","oic.if.baseline"],"id":"targetTemperature","temperature":22,"units":"c"},{"href":"/targetTemperatureHigh","rt":["oic.r.temperature"],"if":["oic.if.a","oic.if.baseline"],"id":"targetTemperatureHigh","temperature":24,"units":"c"},{"href":"/targetTemperatureLow","rt":["oic.r.temperature"],"if":["oic.if.a","oic.if.baseline"],"id":"targetTemperatureLow","temperature":20,"units":"c"},{"href":"/awayTemperatureHigh","rt":["oic.r.temperature"],"if":["oic.if.s","oic.if.baseline"],"id":"awayTemperatureHigh","temperature":26,"units":"c"},{"href":"/awayTemperatureLow","rt":["oic.r.temperature"],"if":["oic.if.s","oic.if.baseline"],"id":"awayTemperatureLow","temperature":21,"units":"c"},{"href":"/humidity","rt":["oic.r.humidity"],"if":["oic.if.s","oic.if.baseline"],"id":"humidity","humidity":25},{"href":"/awayMode","rt":["oic.r.mode"],"if":["oic.if.a","oic.if.baseline"],"id":"awayMode","modes":["home"],"supportedModes":["home","away"]},{"href":"/ecoMode","rt":["oic.r.sensor"],"if":["oic.if.s","oic.if.baseline"],"id":"ecoMode","value":true},{"href":"/hvacMode","rt":["oic.r.mode"],"if":["oic.if.a","oic.if.baseline"],"id":"hvacMode","supportedModes":["auto","off"],"modes":["auto"]},{"href":"/hasFan","rt":["oic.r.sensor"],"if":["oic.if.s","oic.if.baseline"],"id":"hasFan","value":true},{"href":"/fanActive","rt":["oic.r.sensor"],"if":["oic.if.a","oic.if.baseline"],"id":"fanActive","value":false},{"href":"/fanTimerActive","rt":["oic.r.sensor"],"if":["oic.if.a","oic.if.baseline"],"id":"fanTimerActive","value":false}]}]}"`;
