exports[`GetPlatform 1`] = `"{\"opent2t\":{\"schema\":\"org.opent2t.sample.thermostat.superpopular\",\"translator\":\"opent2t-translator-com-insteon-thermostat\",\"controlId\":\"Mock Device ID\"},\"availability\":\"online\",\"pi\":\"1eef4f1e-df2b-f2e2-375c-08c3cd85b91e\",\"mnmn\":\"Insteon\",\"mnmo\":\"Thermostat (Generic)\",\"n\":\"Mock Device\",\"rt\":[\"org.opent2t.sample.thermostat.superpopular\"],\"entities\":[{\"n\":\"Mock Device\",\"icv\":\"core.1.1.0\",\"dmv\":\"res.1.1.0\",\"rt\":[\"opent2t.d.thermostat\"],\"di\":\"65bb7ca6-80ea-efaf-a387-653c1edab404\",\"resources\":[{\"href\":\"/ambientTemperature\",\"rt\":[\"oic.r.temperature\"],\"if\":[\"oic.if.s\",\"oic.if.baseline\"]},{\"href\":\"/adjustTemperature\",\"rt\":[\"oic.r.temperature\"],\"if\":[\"oic.if.a\",\"oic.if.baseline\"]},{\"href\":\"/targetTemperature\",\"rt\":[\"oic.r.temperature\"],\"if\":[\"oic.if.a\",\"oic.if.baseline\"]},{\"href\":\"/targetTemperatureHigh\",\"rt\":[\"oic.r.temperature\"],\"if\":[\"oic.if.a\",\"oic.if.baseline\"]},{\"href\":\"/targetTemperatureLow\",\"rt\":[\"oic.r.temperature\"],\"if\":[\"oic.if.a\",\"oic.if.baseline\"]},{\"href\":\"/humidity\",\"rt\":[\"oic.r.humidity\"],\"if\":[\"oic.if.s\",\"oic.if.baseline\"]},{\"href\":\"/hvacMode\",\"rt\":[\"oic.r.mode\"],\"if\":[\"oic.if.a\",\"oic.if.baseline\"]},{\"href\":\"/hasFan\",\"rt\":[\"oic.r.sensor\"],\"if\":[\"oic.if.s\",\"oic.if.baseline\"]},{\"href\":\"/fanMode\",\"rt\":[\"oic.r.mode\"],\"if\":[\"oic.if.a\",\"oic.if.baseline\"]}]}]}"`;

exports[`GetPlatformExpanded 1`] = `"{"opent2t":{"schema":"org.opent2t.sample.thermostat.superpopular","translator":"opent2t-translator-com-insteon-thermostat","controlId":"Mock Device ID"},"availability":"online","pi":"1eef4f1e-df2b-f2e2-375c-08c3cd85b91e","mnmn":"Insteon","mnmo":"Thermostat (Generic)","n":"Mock Device","rt":["org.opent2t.sample.thermostat.superpopular"],"entities":[{"n":"Mock Device","icv":"core.1.1.0","dmv":"res.1.1.0","rt":["opent2t.d.thermostat"],"di":"65bb7ca6-80ea-efaf-a387-653c1edab404","resources":[{"href":"/ambientTemperature","rt":["oic.r.temperature"],"if":["oic.if.s","oic.if.baseline"],"id":"ambientTemperature","temperature":25,"units":"c"},{"href":"/adjustTemperature","rt":["oic.r.temperature"],"if":["oic.if.a","oic.if.baseline"],"id":"adjustTemperature","temperature":0,"units":"c"},{"href":"/targetTemperature","rt":["oic.r.temperature"],"if":["oic.if.a","oic.if.baseline"],"id":"targetTemperature","temperature":22,"units":"c"},{"href":"/targetTemperatureHigh","rt":["oic.r.temperature"],"if":["oic.if.a","oic.if.baseline"],"id":"targetTemperatureHigh","temperature":24,"units":"c"},{"href":"/targetTemperatureLow","rt":["oic.r.temperature"],"if":["oic.if.a","oic.if.baseline"],"id":"targetTemperatureLow","temperature":20,"units":"c"},{"href":"/humidity","rt":["oic.r.humidity"],"if":["oic.if.s","oic.if.baseline"],"id":"humidity","humidity":25},{"href":"/hvacMode","rt":["oic.r.mode"],"if":["oic.if.a","oic.if.baseline"],"id":"hvacMode","supportedModes":["auto","off","coolOnly","heatOnly"],"modes":["auto"]},{"href":"/hasFan","rt":["oic.r.sensor"],"if":["oic.if.s","oic.if.baseline"],"id":"hasFan","value":true},{"href":"/fanMode","rt":["oic.r.mode"],"if":["oic.if.a","oic.if.baseline"],"id":"fanMode","supportedModes":["auto","on"],"modes":["auto"]}]}]}"`;
